// Jest Snapshot v1, https://goo.gl/fbAQLP

exports[` 1`] = `
<div
  className="contentContainer"
>
  <div
    className="title"
  >
    <h3
      className="title__sub"
    >
      Add Scores
    </h3>
  </div>
  <p>
    Please wait
  </p>
</div>
`;
