// Jest Snapshot v1, https://goo.gl/fbAQLP

exports[`<Logout/> test suite snaphot test 1`] = `null`;
