// Jest Snapshot v1, https://goo.gl/fbAQLP

exports[`<InputFactory /> test suite Snapshot tests <InputFactory/> snapshot test 1`] = `
<div
  className="input__label"
>
  <label
    htmlFor="password"
  >
    user_name
  </label>
  <div>
    <input
      className="input input__default"
      id="password"
      onChange={[Function]}
      placeholder="user_name"
      type="text"
      value=""
    />
    <svg
      aria-hidden="true"
      className="MuiSvgIcon-root icon icon__required"
      focusable="false"
      role="presentation"
      viewBox="0 0 24 24"
    >
      <path
        d="M3 17.25V21h3.75L17.81 9.94l-3.75-3.75L3 17.25zM21.41 6.34l-3.75-3.75-2.53 2.54 3.75 3.75 2.53-2.54z"
      />
    </svg>
  </div>
</div>
`;
