// Jest Snapshot v1, https://goo.gl/fbAQLP

exports[`canary test Canary snapshot test 1`] = `
<div>
  <p>
    Test Component!!!
  </p>
</div>
`;
